
> lms_219@0.1.0 test
> vitest run src/app/__tests__/consult-request-form.test.tsx


[1m[46m RUN [49m[22m [36mv4.0.18 [39m[90m/Users/kwilliams/Projects/lms_219[39m

[90mstdout[2m | src/app/__tests__/consult-request-form.test.tsx[2m > [22m[2mconsult request form[2m > [22m[2mshows adjacent validation errors and does not submit when required fields are missing
[22m[39m<div><main id="main-content" class="container-grid py-6"><header class="mb-6"><h1 class="type-h2 text-text-primary">Book a technical consult</h1><p class="type-body mt-2 text-text-secondary">Tell us your context so we can recommend the right training track.</p></header><div class="surface p-4"><h2 class="type-title">Consult details</h2><p class="mt-1 type-meta text-text-muted">Offer: workshop</p><div class="mt-3 grid gap-3 md:grid-cols-2"><div class="space-y-1.5"><label data-slot="label" class="flex items-center gap-2 text-sm leading-none font-medium select-none group-data-[disabled=true]:pointer-events-none group-data-[disabled=true]:opacity-50 peer-disabled:cursor-not-allowed peer-disabled:opacity-50" for="request-role">Role</label><button type="button" role="combobox" aria-controls="radix-_r_0_" aria-expanded="false" aria-autocomplete="none" dir="ltr" data-state="closed" data-slot="select-trigger" data-size="default" class="border-input data-[placeholder]:text-muted-foreground [&amp;_svg:not([class*='text-'])]:text-muted-foreground focus-visible:border-ring focus-visible:ring-ring/50 aria-invalid:ring-destructive/20 dark:aria-invalid:ring-destructive/40 aria-invalid:border-destructive dark:bg-input/30 dark:hover:bg-input/50 flex items-center justify-between gap-2 rounded-md border bg-transparent px-3 py-2 text-sm whitespace-nowrap shadow-xs transition-[color,box-shadow] outline-none focus-visible:ring-[3px] disabled:cursor-not-allowed disabled:opacity-50 data-[size=default]:h-9 data-[size=sm]:h-8 *:data-[slot=select-value]:line-clamp-1 *:data-[slot=select-value]:flex *:data-[slot=select-value]:items-center *:data-[slot=select-value]:gap-2 [&amp;_svg]:pointer-events-none [&amp;_svg]:shrink-0 [&amp;_svg:not([class*='size-'])]:size-4 w-full" id="request-role"><span data-slot="select-value" style="pointer-events: none;">CTO / Founder</span><svg xmlns="http://www.w3.org/2000/svg" width="24" height="24" viewBox="0 0 24 24" fill="none" stroke="currentColor" stroke-width="2" stroke-linecap="round" stroke-linejoin="round" class="lucide lucide-chevron-down size-4 opacity-50" aria-hidden="true"><path d="m6 9 6 6 6-6"></path></svg></button></div><div class="space-y-1.5"><label data-slot="label" class="flex items-center gap-2 text-sm leading-none font-medium select-none group-data-[disabled=true]:pointer-events-none group-data-[disabled=true]:opacity-50 peer-disabled:cursor-not-allowed peer-disabled:opacity-50" for="request-company-size">Company size</label><button type="button" role="combobox" aria-controls="radix-_r_1_" aria-expanded="false" aria-autocomplete="none" dir="ltr" data-state="closed" data-slot="select-trigger" data-size="default" class="border-input data-[placeholder]:text-muted-foreground [&amp;_svg:not([class*='text-'])]:text-muted-foreground focus-visible:border-ring focus-visible:ring-ring/50 aria-invalid:ring-destructive/20 dark:aria-invalid:ring-destructive/40 aria-invalid:border-destructive dark:bg-input/30 dark:hover:bg-input/50 flex items-center justify-between gap-2 rounded-md border bg-transparent px-3 py-2 text-sm whitespace-nowrap shadow-xs transition-[color,box-shadow] outline-none focus-visible:ring-[3px] disabled:cursor-not-allowed disabled:opacity-50 data-[size=default]:h-9 data-[size=sm]:h-8 *:data-[slot=select-value]:line-clamp-1 *:data-[slot=select-value]:flex *:data-[slot=select-value]:items-center *:data-[slot=select-value]:gap-2 [&amp;_svg]:pointer-events-none [&amp;_svg]:shrink-0 [&amp;_svg:not([class*='size-'])]:size-4 w-full" id="request-company-size"><span data-slot="select-value" style="pointer-events: none;">2–10</span><svg xmlns="http://www.w3.org/2000/svg" width="24" height="24" viewBox="0 0 24 24" fill="none" stroke="currentColor" stroke-width="2" stroke-linecap="round" stroke-linejoin="round" class="lucide lucide-chevron-down size-4 opacity-50" aria-hidden="true"><path d="m6 9 6 6 6-6"></path></svg></button></div><div class="space-y-1.5"><label data-slot="label" class="flex items-center gap-2 text-sm leading-none font-medium select-none group-data-[disabled=true]:pointer-events-none group-data-[disabled=true]:opacity-50 peer-disabled:cursor-not-allowed peer-disabled:opacity-50" for="request-package">Package tier</label><button type="button" role="combobox" aria-controls="radix-_r_2_" aria-expanded="false" aria-autocomplete="none" dir="ltr" data-state="closed" data-slot="select-trigger" data-size="default" class="border-input data-[placeholder]:text-muted-foreground [&amp;_svg:not([class*='text-'])]:text-muted-foreground focus-visible:border-ring focus-visible:ring-ring/50 aria-invalid:ring-destructive/20 dark:aria-invalid:ring-destructive/40 aria-invalid:border-destructive dark:bg-input/30 dark:hover:bg-input/50 flex items-center justify-between gap-2 rounded-md border bg-transparent px-3 py-2 text-sm whitespace-nowrap shadow-xs transition-[color,box-shadow] outline-none focus-visible:ring-[3px] disabled:cursor-not-allowed disabled:opacity-50 data-[size=default]:h-9 data-[size=sm]:h-8 *:data-[slot=select-value]:line-clamp-1 *:data-[slot=select-value]:flex *:data-[slot=select-value]:items-center *:data-[slot=select-value]:gap-2 [&amp;_svg]:pointer-events-none [&amp;_svg]:shrink-0 [&amp;_svg:not([class*='size-'])]:size-4 w-full" id="request-package"><span data-slot="select-value" style="pointer-events: none;">Starter — $2,000 (up to 15 participants)</span><svg xmlns="http://www.w3.org/2000/svg" width="24" height="24" viewBox="0 0 24 24" fill="none" stroke="currentColor" stroke-width="2" stroke-linecap="round" stroke-linejoin="round" class="lucide lucide-chevron-down size-4 opacity-50" aria-hidden="true"><path d="m6 9 6 6 6-6"></path></svg></button></div><div class="space-y-1.5"><label data-slot="label" class="flex items-center gap-2 text-sm leading-none font-medium select-none group-data-[disabled=true]:pointer-events-none group-data-[disabled=true]:opacity-50 peer-disabled:cursor-not-allowed peer-disabled:opacity-50" for="request-ai-adoption">Current AI adoption</label><button type="button" role="combobox" aria-controls="radix-_r_3_" aria-expanded="false" aria-autocomplete="none" dir="ltr" data-state="closed" data-slot="select-trigger" data-size="default" class="border-input data-[placeholder]:text-muted-foreground [&amp;_svg:not([class*='text-'])]:text-muted-foreground focus-visible:border-ring focus-visible:ring-ring/50 aria-invalid:ring-destructive/20 dark:aria-invalid:ring-destructive/40 aria-invalid:border-destructive dark:bg-input/30 dark:hover:bg-input/50 flex items-center justify-between gap-2 rounded-md border bg-transparent px-3 py-2 text-sm whitespace-nowrap shadow-xs transition-[color,box-shadow] outline-none focus-visible:ring-[3px] disabled:cursor-not-allowed disabled:opacity-50 data-[size=default]:h-9 data-[size=sm]:h-8 *:data-[slot=select-value]:line-clamp-1 *:data-[slot=select-value]:flex *:data-[slot=select-value]:items-center *:data-[slot=select-value]:gap-2 [&amp;_svg]:pointer-events-none [&amp;_svg]:shrink-0 [&amp;_svg:not([class*='size-'])]:size-4 w-full" id="request-ai-adoption"><span data-slot="select-value" style="pointer-events: none;">Experimenting with AI tools</span><svg xmlns="http://www.w3.org/2000/svg" width="24" height="24" viewBox="0 0 24 24" fill="none" stroke="currentColor" stroke-width="2" stroke-linecap="round" stroke-linejoin="round" class="lucide lucide-chevron-down size-4 opacity-50" aria-hidden="true"><path d="m6 9 6 6 6-6"></path></svg></button></div><div class="space-y-1.5"><label data-slot="label" class="flex items-center gap-2 text-sm leading-none font-medium select-none group-data-[disabled=true]:pointer-events-none group-data-[disabled=true]:opacity-50 peer-disabled:cursor-not-allowed peer-disabled:opacity-50" for="request-name">Contact name</label><input data-slot="input" class="file:text-foreground placeholder:text-muted-foreground selection:bg-primary selection:text-primary-foreground dark:bg-input/30 border-input h-9 w-full min-w-0 rounded-md border bg-transparent px-3 py-1 text-base shadow-xs transition-[color,box-shadow] outline-none file:inline-flex file:h-7 file:border-0 file:bg-transparent file:text-sm file:font-medium disabled:pointer-events-none disabled:cursor-not-allowed disabled:opacity-50 md:text-sm focus-visible:border-ring focus-visible:ring-ring/50 focus-visible:ring-[3px] aria-invalid:ring-destructive/20 dark:aria-invalid:ring-destructive/40 aria-invalid:border-destructive" id="request-name" placeholder="e.g., Jane Doe" value="" aria-invalid="true" aria-describedby="request-name-error"><p id="request-name-error" class="type-meta text-state-danger">Too small: expected string to have &gt;=1 characters</p></div><div class="space-y-1.5"><label data-slot="label" class="flex items-center gap-2 text-sm leading-none font-medium select-none group-data-[disabled=true]:pointer-events-none group-data-[disabled=true]:opacity-50 peer-disabled:cursor-not-allowed peer-disabled:opacity-50" for="request-email">Contact email</label><input data-slot="input" class="file:text-foreground placeholder:text-muted-foreground selection:bg-primary selection:text-primary-foreground dark:bg-input/30 border-input h-9 w-full min-w-0 rounded-md border bg-transparent px-3 py-1 text-base shadow-xs transition-[color,box-shadow] outline-none file:inline-flex file:h-7 file:border-0 file:bg-transparent file:text-sm file:font-medium disabled:pointer-events-none disabled:cursor-not-allowed disabled:opacity-50 md:text-sm focus-visible:border-ring focus-visible:ring-ring/50 focus-visible:ring-[3px] aria-invalid:ring-destructive/20 dark:aria-invalid:ring-destructive/40 aria-invalid:border-destructive" id="request-email" placeholder="e.g., jane@example.com" type="email" value="" aria-invalid="true" aria-describedby="request-email-error"><p id="request-email-error" class="type-meta text-state-danger">Invalid email address</p></div><div class="space-y-1.5"><label data-slot="label" class="flex items-center gap-2 text-sm leading-none font-medium select-none group-data-[disabled=true]:pointer-events-none group-data-[disabled=true]:opacity-50 peer-disabled:cursor-not-allowed peer-disabled:opacity-50" for="request-org">Organization name</label><input data-slot="input" class="file:text-foreground placeholder:text-muted-foreground selection:bg-primary selection:text-primary-foreground dark:bg-input/30 border-input h-9 w-full min-w-0 rounded-md border bg-transparent px-3 py-1 text-base shadow-xs transition-[color,box-shadow] outline-none file:inline-flex file:h-7 file:border-0 file:bg-transparent file:text-sm file:font-medium disabled:pointer-events-none disabled:cursor-not-allowed disabled:opacity-50 md:text-sm focus-visible:border-ring focus-visible:ring-ring/50 focus-visible:ring-[3px] aria-invalid:ring-destructive/20 dark:aria-invalid:ring-destructive/40 aria-invalid:border-destructive" id="request-org" placeholder="e.g., Acme Corp" value="" aria-invalid="true" aria-describedby="request-org-error"><p id="request-org-error" class="type-meta text-state-danger">Organization name is required for this audience.</p></div><div class="space-y-1.5"><label data-slot="label" class="flex items-center gap-2 text-sm leading-none font-medium select-none group-data-[disabled=true]:pointer-events-none group-data-[disabled=true]:opacity-50 peer-disabled:cursor-not-allowed peer-disabled:opacity-50" for="request-industry">Industry <span class="text-muted-foreground font-normal">(optional)</span></label><input data-slot="input" class="file:text-foreground placeholder:text-muted-foreground selection:bg-primary selection:text-primary-foreground dark:bg-input/30 border-input h-9 w-full min-w-0 rounded-md border bg-transparent px-3 py-1 text-base shadow-xs transition-[color,box-shadow] outline-none file:inline-flex file:h-7 file:border-0 file:bg-transparent file:text-sm file:font-medium disabled:pointer-events-none disabled:cursor-not-allowed disabled:opacity-50 md:text-sm focus-visible:border-ring focus-visible:ring-ring/50 focus-visible:ring-[3px] aria-invalid:ring-destructive/20 dark:aria-invalid:ring-destructive/40 aria-invalid:border-destructive" id="request-industry" placeholder="e.g., Financial services" value=""></div><div class="space-y-1.5"><label data-slot="label" class="flex items-center gap-2 text-sm leading-none font-medium select-none group-data-[disabled=true]:pointer-events-none group-data-[disabled=true]:opacity-50 peer-disabled:cursor-not-allowed peer-disabled:opacity-50" for="request-participants">Number of participants <span class="text-muted-foreground font-normal">(optional)</span></label><input data-slot="input" class="file:text-foreground placeholder:text-muted-foreground selection:bg-primary selection:text-primary-foreground dark:bg-input/30 border-input h-9 w-full min-w-0 rounded-md border bg-transparent px-3 py-1 text-base shadow-xs transition-[color,box-shadow] outline-none file:inline-flex file:h-7 file:border-0 file:bg-transparent file:text-sm file:font-medium disabled:pointer-events-none disabled:cursor-not-allowed disabled:opacity-50 md:text-sm focus-visible:border-ring focus-visible:ring-ring/50 focus-visible:ring-[3px] aria-invalid:ring-destructive/20 dark:aria-invalid:ring-destructive/40 aria-invalid:border-destructive" id="request-participants" placeholder="e.g., 20" type="number" value=""></div></div><div class="mt-3 space-y-1.5"><label data-slot="label" class="flex items-center gap-2 text-sm leading-none font-medium select-none group-data-[disabled=true]:pointer-events-none group-data-[disabled=true]:opacity-50 peer-disabled:cursor-not-allowed peer-disabled:opacity-50" for="request-goals">Goals</label><textarea data-slot="textarea" class="border-input placeholder:text-muted-foreground focus-visible:border-ring focus-visible:ring-ring/50 aria-invalid:ring-destructive/20 dark:aria-invalid:ring-destructive/40 aria-invalid:border-destructive dark:bg-input/30 flex field-sizing-content w-full rounded-md border bg-transparent px-3 py-2 text-base shadow-xs transition-[color,box-shadow] outline-none focus-visible:ring-[3px] disabled:cursor-not-allowed disabled:opacity-50 md:text-sm min-h-24" id="request-goals"></textarea><p class="type-meta text-text-muted">What are you trying to improve? (delivery speed, quality, standards, adoption)</p></div><div class="mt-3 space-y-1.5"><label data-slot="label" class="flex items-center gap-2 text-sm leading-none font-medium select-none group-data-[disabled=true]:pointer-events-none group-data-[disabled=true]:opacity-50 peer-disabled:cursor-not-allowed peer-disabled:opacity-50" for="request-timeline">Timeline </label><input data-slot="input" class="file:text-foreground placeholder:text-muted-foreground selection:bg-primary selection:text-primary-foreground dark:bg-input/30 border-input h-9 w-full min-w-0 rounded-md border bg-transparent px-3 py-1 text-base shadow-xs transition-[color,box-shadow] outline-none file:inline-flex file:h-7 file:border-0 file:bg-transparent file:text-sm file:font-medium disabled:pointer-events-none disabled:cursor-not-allowed disabled:opacity-50 md:text-sm focus-visible:border-ring focus-visible:ring-ring/50 focus-visible:ring-[3px] aria-invalid:ring-destructive/20 dark:aria-invalid:ring-destructive/40 aria-invalid:border-destructive" id="request-timeline" placeholder="e.g., this quarter" value=""></div><button type="button" class="inline-flex items-center justify-center rounded-sm type-label motion-base focus-visible:outline-none focus-visible:ring-2 focus-visible:ring-focus-ring focus-visible:ring-offset-2 focus-visible:ring-offset-surface disabled:cursor-not-allowed disabled:opacity-60 border border-action-primary bg-action-primary text-text-inverse hover:bg-action-primary-hover px-3 py-2 mt-3">Submit request</button></div></main></div>

 [31m❯[39m src/app/__tests__/consult-request-form.test.tsx [2m([22m[2m1 test[22m[2m | [22m[31m1 failed[39m[2m)[22m[32m 209[2mms[22m[39m
[31m     [31m×[31m shows adjacent validation errors and does not submit when required fields are missing[39m[32m 208[2mms[22m[39m

[31m⎯⎯⎯⎯⎯⎯⎯[39m[1m[41m Failed Tests 1 [49m[22m[31m⎯⎯⎯⎯⎯⎯⎯[39m

[41m[1m FAIL [22m[49m src/app/__tests__/consult-request-form.test.tsx[2m > [22mconsult request form[2m > [22mshows adjacent validation errors and does not submit when required fields are missing
[31m[1mTestingLibraryElementError[22m[39m: Unable to find an element with the text: String must contain at least 1 character(s). This could be because the text is broken up by multiple elements. In this case, you can provide a function for your text matcher to make your matcher more flexible.

Ignored nodes: comments, script, style
[36m<body>[39m
  [36m<div>[39m
    [36m<main[39m
      [33mclass[39m=[32m"container-grid py-6"[39m
      [33mid[39m=[32m"main-content"[39m
    [36m>[39m
      [36m<header[39m
        [33mclass[39m=[32m"mb-6"[39m
      [36m>[39m
        [36m<h1[39m
          [33mclass[39m=[32m"type-h2 text-text-primary"[39m
        [36m>[39m
          [0mBook a technical consult[0m
        [36m</h1>[39m
        [36m<p[39m
          [33mclass[39m=[32m"type-body mt-2 text-text-secondary"[39m
        [36m>[39m
          [0mTell us your context so we can recommend the right training track.[0m
        [36m</p>[39m
      [36m</header>[39m
      [36m<div[39m
        [33mclass[39m=[32m"surface p-4"[39m
      [36m>[39m
        [36m<h2[39m
          [33mclass[39m=[32m"type-title"[39m
        [36m>[39m
          [0mConsult details[0m
        [36m</h2>[39m
        [36m<p[39m
          [33mclass[39m=[32m"mt-1 type-meta text-text-muted"[39m
        [36m>[39m
          [0mOffer: [0m
          [0mworkshop[0m
        [36m</p>[39m
        [36m<div[39m
          [33mclass[39m=[32m"mt-3 grid gap-3 md:grid-cols-2"[39m
        [36m>[39m
          [36m<div[39m
            [33mclass[39m=[32m"space-y-1.5"[39m
          [36m>[39m
            [36m<label[39m
              [33mclass[39m=[32m"flex items-center gap-2 text-sm leading-none font-medium select-none group-data-[disabled=true]:pointer-events-none group-data-[disabled=true]:opacity-50 peer-disabled:cursor-not-allowed peer-disabled:opacity-50"[39m
              [33mdata-slot[39m=[32m"label"[39m
              [33mfor[39m=[32m"request-role"[39m
            [36m>[39m
              [0mRole[0m
            [36m</label>[39m
            [36m<button[39m
              [33maria-autocomplete[39m=[32m"none"[39m
              [33maria-controls[39m=[32m"radix-_r_0_"[39m
              [33maria-expanded[39m=[32m"false"[39m
              [33mclass[39m=[32m"border-input data-[placeholder]:text-muted-foreground [&_svg:not([class*='text-'])]:text-muted-foreground focus-visible:border-ring focus-visible:ring-ring/50 aria-invalid:ring-destructive/20 dark:aria-invalid:ring-destructive/40 aria-invalid:border-destructive dark:bg-input/30 dark:hover:bg-input/50 flex items-center justify-between gap-2 rounded-md border bg-transparent px-3 py-2 text-sm whitespace-nowrap shadow-xs transition-[color,box-shadow] outline-none focus-visible:ring-[3px] disabled:cursor-not-allowed disabled:opacity-50 data-[size=default]:h-9 data-[size=sm]:h-8 *:data-[slot=select-value]:line-clamp-1 *:data-[slot=select-value]:flex *:data-[slot=select-value]:items-center *:data-[slot=select-value]:gap-2 [&_svg]:pointer-events-none [&_svg]:shrink-0 [&_svg:not([class*='size-'])]:size-4 w-full"[39m
              [33mdata-size[39m=[32m"default"[39m
              [33mdata-slot[39m=[32m"select-trigger"[39m
              [33mdata-state[39m=[32m"closed"[39m
              [33mdir[39m=[32m"ltr"[39m
              [33mid[39m=[32m"request-role"[39m
              [33mrole[39m=[32m"combobox"[39m
              [33mtype[39m=[32m"button"[39m
            [36m>[39m
              [36m<span[39m
                [33mdata-slot[39m=[32m"select-value"[39m
                [33mstyle[39m=[32m"pointer-events: none;"[39m
              [36m>[39m
                [0mCTO / Founder[0m
              [36m</span>[39m
              [36m<svg[39m
                [33maria-hidden[39m=[32m"true"[39m
                [33mclass[39m=[32m"lucide lucide-chevron-down size-4 opacity-50"[39m
                [33mfill[39m=[32m"none"[39m
                [33mheight[39m=[32m"24"[39m
                [33mstroke[39m=[32m"currentColor"[39m
                [33mstroke-linecap[39m=[32m"round"[39m
                [33mstroke-linejoin[39m=[32m"round"[39m
                [33mstroke-width[39m=[32m"2"[39m
                [33mviewBox[39m=[32m"0 0 24 24"[39m
                [33mwidth[39m=[32m"24"[39m
                [33mxmlns[39m=[32m"http://www.w3.org/2000/svg"[39m
              [36m>[39m
                [36m<path[39m
                  [33md[39m=[32m"m6 9 6 6 6-6"[39m
                [36m/>[39m
              [36m</svg>[39m
            [36m</button>[39m
          [36m</div>[39m
          [36m<div[39m
            [33mclass[39m=[32m"space-y-1.5"[39m
          [36m>[39m
            [36m<label[39m
              [33mclass[39m=[32m"flex items-center gap-2 text-sm leading-none font-medium select-none group-data-[disabled=true]:pointer-events-none group-data-[disabled=true]:opacity-50 peer-disabled:cursor-not-allowed peer-disabled:opacity-50"[39m
              [33mdata-slot[39m=[32m"label"[39m
              [33mfor[39m=[32m"request-company-size"[39m
            [36m>[39m
              [0mCompany size[0m
            [36m</label>[39m
            [36m<button[39m
              [33maria-autocomplete[39m=[32m"none"[39m
              [33maria-controls[39m=[32m"radix-_r_1_"[39m
              [33maria-expanded[39m=[32m"false"[39m
              [33mclass[39m=[32m"border-input data-[placeholder]:text-muted-foreground [&_svg:not([class*='text-'])]:text-muted-foreground focus-visible:border-ring focus-visible:ring-ring/50 aria-invalid:ring-destructive/20 dark:aria-invalid:ring-destructive/40 aria-invalid:border-destructive dark:bg-input/30 dark:hover:bg-input/50 flex items-center justify-between gap-2 rounded-md border bg-transparent px-3 py-2 text-sm whitespace-nowrap shadow-xs transition-[color,box-shadow] outline-none focus-visible:ring-[3px] disabled:cursor-not-allowed disabled:opacity-50 data-[size=default]:h-9 data-[size=sm]:h-8 *:data-[slot=select-value]:line-clamp-1 *:data-[slot=select-value]:flex *:data-[slot=select-value]:items-center *:data-[slot=select-value]:gap-2 [&_svg]:pointer-events-none [&_svg]:shrink-0 [&_svg:not([class*='size-'])]:size-4 w-full"[39m
              [33mdata-size[39m=[32m"default"[39m
              [33mdata-slot[39m=[32m"select-trigger"[39m
              [33mdata-state[39m=[32m"closed"[39m
              [33mdir[39m=[32m"ltr"[39m
              [33mid[39m=[32m"request-company-size"[39m
              [33mrole[39m=[32m"combobox"[39m
              [33mtype[39m=[32m"button"[39m
            [36m>[39m
              [36m<span[39m
                [33mdata-slot[39m=[32m"select-value"[39m
                [33mstyle[39m=[32m"pointer-events: none;"[39m
              [36m>[39m
                [0m2–10[0m
              [36m</span>[39m
              [36m<svg[39m
                [33maria-hidden[39m=[32m"true"[39m
                [33mclass[39m=[32m"lucide lucide-chevron-down size-4 opacity-50"[39m
                [33mfill[39m=[32m"none"[39m
                [33mheight[39m=[32m"24"[39m
                [33mstroke[39m=[32m"currentColor"[39m
  ...
[90m [2m❯[22m Object.getElementError node_modules/@testing-library/dom/dist/config.js:[2m37:19[22m[39m
[90m [2m❯[22m node_modules/@testing-library/dom/dist/query-helpers.js:[2m76:38[22m[39m
[90m [2m❯[22m node_modules/@testing-library/dom/dist/query-helpers.js:[2m52:17[22m[39m
[90m [2m❯[22m node_modules/@testing-library/dom/dist/query-helpers.js:[2m95:19[22m[39m
[36m [2m❯[22m src/app/__tests__/consult-request-form.test.tsx:[2m23:19[22m[39m
    [90m 21| [39m    console[33m.[39m[34mlog[39m(document[33m.[39mbody[33m.[39minnerHTML)[33m;[39m
    [90m 22| [39m
    [90m 23| [39m    expect(screen.getByText("String must contain at least 1 character(…
    [90m   | [39m                  [31m^[39m
    [90m 24| [39m    [34mexpect[39m(screen[33m.[39m[34mgetByText[39m([32m"Invalid email"[39m))[33m.[39m[34mtoBeInTheDocument[39m()[33m;[39m
    [90m 25| [39m    // Goals are pre-filled with role, company size, etc. so it won't …

[31m[2m⎯⎯⎯⎯⎯⎯⎯⎯⎯⎯⎯⎯⎯⎯⎯⎯⎯⎯⎯⎯⎯⎯⎯⎯[1/1]⎯[22m[39m


[2m Test Files [22m [1m[31m1 failed[39m[22m[90m (1)[39m
[2m      Tests [22m [1m[31m1 failed[39m[22m[90m (1)[39m
[2m   Start at [22m 22:34:58
[2m   Duration [22m 1.40s[2m (transform 155ms, setup 170ms, import 378ms, tests 209ms, environment 522ms)[22m

